// Jest Snapshot v1, https://goo.gl/fbAQLP

exports[`Messages queue reducer handles epics sends sends advert 1`] = `
Array [
  Array [
    "test address",
    Array [
      Object {
        "address": "zs1testaddresstest",
        "amount": "0",
        "memo": "ff02a7f071688e85cf3130c31fb627c314f779a58ed1893430c23e5719a0ebe4373b035de9d461f4ea5189e5e9472d19594724d5a3b1804cca7738aaeabe47690093000000007b7465737474616700000002746573747469746c6500000000000000000000000000000000000000000000402800000000000072616e646f6d206465736372697074696f6e00000000000000000000000000000000000000000000000000000000000000000000000000000000000000000000000000000000000000000000000000000000000000000000000000000000000000000000000000000000000000000000000000000000000000000000000000000000000000000000000000000000000000000000000000000000000000000000000000000000000000000000000000000000000000000000000000000000000000000000000000000000000000000000000000000000000000000000000000000000000000000000000000000000000000000000000000000000000000000000000000000000000000000000000000000000000000000000000000000000000000000000000000000000000000000000000000000000000000000000000000000000000000000000000000000000000000000000000000000000000000000000000000000000000000000000000000000000000000000000000000000000000000000000000000",
      },
    ],
    1,
    0.0000025,
  ],
]
`;
