// Jest Snapshot v1, https://goo.gl/fbAQLP

exports[`ChannelsPanel will receive right actions 1`] = `
Object {
  "openCreateModal": [Function],
  "openDepositMonet": [Function],
  "openJoinChannel": [Function],
}
`;

exports[`ChannelsPanel will receive right props 1`] = `
Object {
  "channels": Immutable.List [
    Immutable.Map {
      "id": 1,
      "name": "Channel 1",
      "private": true,
      "address": "zs1testaddress1",
      "unread": 12,
      "description": "Channel about 1",
      "advertFee": 0.15,
      "keys": Immutable.Map {
        "ivk": "incoming-viewing-key-1",
        "sk": "test-secret-key",
      },
    },
    Immutable.Map {
      "id": 2,
      "name": "Channel 2",
      "private": false,
      "address": "zs1testaddress2",
      "unread": 12,
      "description": "",
      "advertFee": 0.15,
      "keys": Immutable.Map {
        "ivk": "incoming-viewing-key-2",
        "sk": "test-secret-key",
      },
    },
  ],
  "fundsLocked": true,
  "selected": Immutable.ChannelState {
    "spentFilterValue": "0",
    "id": null,
    "message": "",
    "shareableUri": "",
    "address": "",
    "loader": Immutable.Record {
      "loading": false,
      "message": "",
    },
    "members": null,
    "showInfoMsg": true,
    "isSizeCheckingInProgress": false,
    "messageSizeStatus": null,
  },
}
`;
