// Jest Snapshot v1, https://goo.gl/fbAQLP

exports[`ChannelsPanel will receive right actions 1`] = `
Object {
  "openDepositMonet": [Function],
  "openModal": [Function],
}
`;

exports[`ChannelsPanel will receive right props 1`] = `
Object {
  "channels": Immutable.List [
    Immutable.Map {
      "username": "testusername",
    },
  ],
  "fundsLocked": true,
  "offers": Immutable.List [],
  "selected": Immutable.DirectMessageChannelState {
    "targetRecipientAddress": null,
    "targetRecipientUsername": null,
  },
  "selectedOffer": Immutable.ChannelState {
    "spentFilterValue": "0",
    "id": null,
    "message": "",
    "shareableUri": "",
    "address": "",
    "loader": Immutable.Record {
      "loading": false,
      "message": "",
    },
    "members": null,
    "showInfoMsg": true,
    "isSizeCheckingInProgress": false,
    "messageSizeStatus": null,
  },
}
`;
