// Jest Snapshot v1, https://goo.gl/fbAQLP

exports[`ChannelInput will receive right actions 1`] = `
Object {
  "checkMessageSizeLimit": [Function],
  "onChange": [Function],
  "resetDebounce": [Function],
  "sendDirectMessageOnEnter": [Function],
}
`;

exports[`ChannelInput will receive right props 1`] = `
Object {
  "channelName": "",
  "feeUsd": "0.0002",
  "inputState": 3,
  "isMessageTooLong": null,
  "isSizeCheckingInProgress": false,
  "message": "This is a test message",
  "myUser": Object {
    "address": "",
    "createdAt": 0,
    "firstName": "",
    "lastName": "",
    "nickname": "Anon",
  },
  "users": Immutable.Map {},
}
`;
