// Jest Snapshot v1, https://goo.gl/fbAQLP

exports[`ZcashBalance will receive right props 1`] = `
Object {
  "pendingBalance": 0,
  "usdBalance": "92.332016",
  "usdLocked": "25.166008",
  "zecBalance": "46.166008",
  "zecLocked": "12.583004",
}
`;
