// Jest Snapshot v1, https://goo.gl/fbAQLP

exports[`SendFundsForm renders component SendFoundsForm 1`] = `
<Formik
  enableReinitialize={true}
  initialValues={
    Object {
      "shippingInfo": false,
      "usd": 123,
      "zec": "0.1200",
    }
  }
  isInitialValid={false}
  onSubmit={[Function]}
  validateOnBlur={true}
  validateOnChange={true}
  validateOnMount={true}
  validationSchema={
    ObjectSchema {
      "_blacklist": RefSet {
        "list": Set {},
        "refs": Map {},
      },
      "_conditions": Array [],
      "_defaultDefault": [Function],
      "_deps": Array [],
      "_excludedEdges": Array [
        "zec-usd",
      ],
      "_exclusive": Object {},
      "_mutate": undefined,
      "_nodes": Array [
        "shippingInfo",
        "usd",
        "zec",
      ],
      "_options": Object {
        "abortEarly": true,
        "recursive": true,
      },
      "_type": "object",
      "_typeError": [Function],
      "_whitelist": RefSet {
        "list": Set {},
        "refs": Map {},
      },
      "fields": Object {
        "shippingInfo": BooleanSchema {
          "_blacklist": RefSet {
            "list": Set {},
            "refs": Map {},
          },
          "_conditions": Array [],
          "_deps": Array [],
          "_exclusive": Object {},
          "_mutate": undefined,
          "_options": Object {
            "abortEarly": true,
            "recursive": true,
          },
          "_type": "boolean",
          "_typeError": [Function],
          "_whitelist": RefSet {
            "list": Set {
              true,
            },
            "refs": Map {},
          },
          "_whitelistError": [Function],
          "tests": Array [],
          "transforms": Array [
            [Function],
          ],
        },
        "usd": NumberSchema {
          "_blacklist": RefSet {
            "list": Set {},
            "refs": Map {},
          },
          "_conditions": Array [],
          "_deps": Array [],
          "_exclusive": Object {
            "required": true,
          },
          "_mutate": undefined,
          "_options": Object {
            "abortEarly": true,
            "recursive": true,
          },
          "_type": "number",
          "_typeError": [Function],
          "_whitelist": RefSet {
            "list": Set {},
            "refs": Map {},
          },
          "tests": Array [
            [Function],
          ],
          "transforms": Array [
            [Function],
          ],
        },
        "zec": NumberSchema {
          "_blacklist": RefSet {
            "list": Set {},
            "refs": Map {},
          },
          "_conditions": Array [],
          "_deps": Array [],
          "_exclusive": Object {
            "required": true,
          },
          "_mutate": undefined,
          "_options": Object {
            "abortEarly": true,
            "recursive": true,
          },
          "_type": "number",
          "_typeError": [Function],
          "_whitelist": RefSet {
            "list": Set {},
            "refs": Map {},
          },
          "tests": Array [
            [Function],
          ],
          "transforms": Array [
            [Function],
          ],
        },
      },
      "tests": Array [],
      "transforms": Array [
        [Function],
      ],
    }
  }
>
  <Component />
</Formik>
`;
